---
source: tui/src/chatwidget/tests.rs
assertion_line: 1877
expression: visual
---
>     -- Indented code block (4 spaces)
      SELECT *
      FROM "users"
      WHERE "email" LIKE '%@example.com';

  ```markdown
  ```
  printf 'fenced within fenced\n'

  ```jsonc
  {
    // comment allowed in jsonc
    "path": "C:\\Program Files\\App",
    "regex": "^foo.*(bar)?$"
  }
